<<<<<<< HEAD
164476
||||||| parent of 1451a9d ([internal-s39] simplified safeCast (#163))
164357
=======
164327
>>>>>>> 1451a9d ([internal-s39] simplified safeCast (#163))
