<<<<<<< HEAD
149929
||||||| parent of 1451a9d ([internal-s39] simplified safeCast (#163))
149804
=======
149782
>>>>>>> 1451a9d ([internal-s39] simplified safeCast (#163))
