<<<<<<< HEAD
164039
||||||| parent of 1451a9d ([internal-s39] simplified safeCast (#163))
163775
=======
163732
>>>>>>> 1451a9d ([internal-s39] simplified safeCast (#163))
