<<<<<<< HEAD
348568
||||||| parent of 1451a9d ([internal-s39] simplified safeCast (#163))
348304
=======
348261
>>>>>>> 1451a9d ([internal-s39] simplified safeCast (#163))
