<<<<<<< HEAD
72393
||||||| parent of 1451a9d ([internal-s39] simplified safeCast (#163))
72396
=======
72374
>>>>>>> 1451a9d ([internal-s39] simplified safeCast (#163))
