<<<<<<< HEAD
88679
||||||| parent of 1451a9d ([internal-s39] simplified safeCast (#163))
88682
=======
88653
>>>>>>> 1451a9d ([internal-s39] simplified safeCast (#163))
