<<<<<<< HEAD
131912
||||||| parent of 1451a9d ([internal-s39] simplified safeCast (#163))
131787
=======
131765
>>>>>>> 1451a9d ([internal-s39] simplified safeCast (#163))
