<<<<<<< HEAD
239064
||||||| parent of 1451a9d ([internal-s39] simplified safeCast (#163))
239056
=======
239013
>>>>>>> 1451a9d ([internal-s39] simplified safeCast (#163))
