<<<<<<< HEAD
144036
||||||| parent of 1451a9d ([internal-s39] simplified safeCast (#163))
144042
=======
144020
>>>>>>> 1451a9d ([internal-s39] simplified safeCast (#163))
