<<<<<<< HEAD
21242
||||||| parent of 1451a9d ([internal-s39] simplified safeCast (#163))
21262
=======
21198
>>>>>>> 1451a9d ([internal-s39] simplified safeCast (#163))
