<<<<<<< HEAD
72396
||||||| parent of 1451a9d ([internal-s39] simplified safeCast (#163))
72399
=======
72377
>>>>>>> 1451a9d ([internal-s39] simplified safeCast (#163))
