<<<<<<< HEAD
115527
||||||| parent of 1451a9d ([internal-s39] simplified safeCast (#163))
115519
=======
115487
>>>>>>> 1451a9d ([internal-s39] simplified safeCast (#163))
